python : Python was not found; run without arguments to install from the 
Microsoft Store, or disable this shortcut from Settings > Apps > Advanced app 
settings > App execution aliases.
At line:1 char:1
+ python scripts/run_test.py > test_output.txt 2>&1
+ ~~~~~~~~~~~~~~~~~~~~~~~~~~~~~~~~~~~~~~~~~~~~~~~~~
    + CategoryInfo          : NotSpecified: (Python was not ...cution aliases. 
   :String) [], RemoteException
    + FullyQualifiedErrorId : NativeCommandError
 
